// Jest Snapshot v1, https://goo.gl/fbAQLP

exports[`ListItem component test renders ListItem component 1`] = `
<View
  accessible={true}
  collapsable={false}
  focusable={false}
  onClick={[Function]}
  onResponderGrant={[Function]}
  onResponderMove={[Function]}
  onResponderRelease={[Function]}
  onResponderTerminate={[Function]}
  onResponderTerminationRequest={[Function]}
  onStartShouldSetResponder={[Function]}
  style={
    Object {
      "alignItems": "center",
      "backgroundColor": "#565656",
      "borderRadius": 50,
      "elevation": 5,
      "height": 60,
      "justifyContent": "center",
      "opacity": 0.8,
      "shadowColor": "#121212",
      "shadowOffset": Object {
        "height": -1,
        "width": 0,
      },
      "shadowOpacity": 0.5,
      "width": 60,
    }
  }
>
  <Text
    allowFontScaling={false}
    selectable={false}
    style={
      Array [
        Object {
          "color": "#FFFFFF",
          "fontSize": 30,
        },
        undefined,
        Object {
          "fontFamily": "Material Icons",
          "fontStyle": "normal",
          "fontWeight": "normal",
        },
        Object {},
      ]
    }
  >
    î¢Š
  </Text>
</View>
`;
